--------------------------------------------------------------------------------------
Timing Analyzer Summary
--------------------------------------------------------------------------------------

Type           : Worst-case tsu
Slack          : N/A
Required Time  : None
Actual Time    : 1.035 ns
From           : init
To             : fetch_unit:inst9|pc[6]
From Clock     : --
To Clock       : clock
Failed Paths   : 0

Type           : Worst-case tco
Slack          : N/A
Required Time  : None
Actual Time    : 25.902 ns
From           : control_unit:inst|set_ctrl[0]
To             : alu_result[7]
From Clock     : clock
To Clock       : --
Failed Paths   : 0

Type           : Worst-case th
Slack          : N/A
Required Time  : None
Actual Time    : -0.616 ns
From           : init
To             : fetch_unit:inst9|pc[5]
From Clock     : --
To Clock       : clock
Failed Paths   : 0

Type           : Clock Setup: 'clock'
Slack          : N/A
Required Time  : None
Actual Time    : 36.09 MHz ( period = 27.712 ns )
From           : control_unit:inst|mem_write
To             : single_port_ram_with_init:inst1|ram~1302
From Clock     : clock
To Clock       : clock
Failed Paths   : 0

Type           : Clock Hold: 'clock'
Slack          : Not operational: Clock Skew > Data Delay
Required Time  : None
Actual Time    : N/A
From           : control_unit:inst|alu_func[3]
To             : alu:inst4|branch_not_taken[1]
From Clock     : clock
To Clock       : clock
Failed Paths   : 2080

Type           : Total number of failed paths
Slack          : 
Required Time  : 
Actual Time    : 
From           : 
To             : 
From Clock     : 
To Clock       : 
Failed Paths   : 2080

--------------------------------------------------------------------------------------

